// Jest Snapshot v1, https://jestjs.io/docs/snapshot-testing

exports[`alleged-breach-creates-floor-space GET /change should render the allegedBreachCreatesFloorSpace change page 1`] = `
"<main class="govuk-main-wrapper" id="main-content">
    <div class="govuk-grid-row">
        <div class="govuk-grid-column-two-thirds"><span class="govuk-caption-l">Appeal 351062</span>
        </div>
    </div>
    <div class="govuk-grid-row">
        <div class="govuk-grid-column-two-thirds">
            <div class="govuk-grid-row">
                <div class="govuk-grid-column-full">
                    <form method="POST" novalidate="novalidate">
                        <div class="govuk-form-group">
                            <fieldset class="govuk-fieldset">
                                <legend class="govuk-fieldset__legend govuk-fieldset__legend--l">
                                    <h1 class="govuk-fieldset__heading"> Does the alleged breach create any floor space?</h1>
                                </legend>
                                <div class="govuk-radios" data-module="govuk-radios">
                                    <div class="govuk-radios__item">
                                        <input class="govuk-radios__input" id="floor-space-created-by-breach-in-square-metres-radio"
                                        name="floorSpaceCreatedByBreachInSquareMetresRadio" type="radio" value="yes"
                                        checked data-aria-controls="conditional-floor-space-created-by-breach-in-square-metres-radio">
                                        <label class="govuk-label govuk-radios__label" for="floor-space-created-by-breach-in-square-metres-radio">Yes</label>
                                    </div>
                                    <div class="govuk-radios__conditional" id="conditional-floor-space-created-by-breach-in-square-metres-radio">
                                        <div class="govuk-form-group">
                                            <label class="govuk-label" for="floor-space-created-details">Floor space created by the breach, in square metres</label>
                                            <textarea class="govuk-textarea"
                                            id="floor-space-created-details" name="floorSpaceCreatedByBreachInSquareMetres"
                                            rows="3">20</textarea>
                                        </div>
                                    </div>
                                    <div class="govuk-radios__item">
                                        <input class="govuk-radios__input" id="floor-space-created-by-breach-in-square-metres-radio-2"
                                        name="floorSpaceCreatedByBreachInSquareMetresRadio" type="radio" value="no">
                                        <label class="govuk-label govuk-radios__label" for="floor-space-created-by-breach-in-square-metres-radio-2">No</label>
                                    </div>
                                </div>
                            </fieldset>
                        </div>
                        <button type="submit" data-prevent-double-click="true" class="govuk-button"
                        data-module="govuk-button">Continue</button>
                    </form>
                </div>
            </div>
        </div>
    </div>
</main>"
`;
