// Jest Snapshot v1, https://jestjs.io/docs/snapshot-testing

exports[`has-alleged-breach-area GET /change should render the hasAllegedBreachArea change page 1`] = `
"<main class="govuk-main-wrapper" id="main-content">
    <div class="govuk-grid-row">
        <div class="govuk-grid-column-two-thirds"><span class="govuk-caption-l">Appeal 351062</span>
        </div>
    </div>
    <div class="govuk-grid-row">
        <div class="govuk-grid-column-two-thirds">
            <div class="govuk-grid-row">
                <div class="govuk-grid-column-full">
                    <form method="POST" novalidate="novalidate">
                        <div class="govuk-form-group">
                            <fieldset class="govuk-fieldset">
                                <legend class="govuk-fieldset__legend govuk-fieldset__legend--l">
                                    <h1 class="govuk-fieldset__heading"> Is the area of the alleged breach the same as the site area?</h1>
                                </legend>
                                <div class="govuk-radios" data-module="govuk-radios">
                                    <div class="govuk-radios__item">
                                        <input class="govuk-radios__input" id="area-of-alleged-breach-in-square-metres-radio"
                                        name="areaOfAllegedBreachInSquareMetresRadio" type="radio" value="yes">
                                        <label class="govuk-label govuk-radios__label" for="area-of-alleged-breach-in-square-metres-radio">Yes</label>
                                    </div>
                                    <div class="govuk-radios__item">
                                        <input class="govuk-radios__input" id="area-of-alleged-breach-in-square-metres-radio-2"
                                        name="areaOfAllegedBreachInSquareMetresRadio" type="radio" value="no" checked
                                        data-aria-controls="conditional-area-of-alleged-breach-in-square-metres-radio-2">
                                        <label class="govuk-label govuk-radios__label" for="area-of-alleged-breach-in-square-metres-radio-2">No</label>
                                    </div>
                                    <div class="govuk-radios__conditional" id="conditional-area-of-alleged-breach-in-square-metres-radio-2">
                                        <div class="govuk-form-group">
                                            <label class="govuk-label" for="area-of-alleged-breach-details">Area of the alleged breach, in square metres</label>
                                            <textarea class="govuk-textarea"
                                            id="area-of-alleged-breach-details" name="areaOfAllegedBreachInSquareMetres"
                                            rows="3">25</textarea>
                                        </div>
                                    </div>
                                </div>
                            </fieldset>
                        </div>
                        <button type="submit" data-prevent-double-click="true" class="govuk-button"
                        data-module="govuk-button">Continue</button>
                    </form>
                </div>
            </div>
        </div>
    </div>
</main>"
`;
