// Jest Snapshot v1, https://goo.gl/fbAQLP

exports[`update-decision-letter GET /update-decision-letter/correction-notice should render the 'correction-notice' page with the expected content 1`] = `
"<main class="govuk-main-wrapper" id="main-content">
    <div class="govuk-grid-row">
        <div class="govuk-grid-column-two-thirds"><span class="govuk-caption-l">Appeal 351062</span>
            <h1 class="govuk-heading-l">Correction notice</h1>
        </div>
    </div>
    <div class="govuk-grid-row">
        <div class="govuk-grid-column-two-thirds">
            <div class="govuk-grid-row">
                <div class="govuk-grid-column-full">
                    <form method="POST" novalidate="novalidate">
                        <div class="govuk-form-group">
                            <textarea class="govuk-textarea" id="correction-notice" name="correctionNotice"
                            rows="5"></textarea>
                        </div>
                        <button type="submit" data-prevent-double-click="true" class="govuk-button"
                        data-module="govuk-button">Continue</button>
                    </form>
                </div>
            </div>
        </div>
    </div>
</main>"
`;
