// Jest Snapshot v1, https://goo.gl/fbAQLP

exports[`environmental-assessment POST /environmental-assessment/upload-documents/:folderId should eventually redirect to case details page displaying the success banner 1`] = `
"<div class="govuk-notification-banner govuk-notification-banner--success govuk-!-margin-bottom-5"
role="alert" aria-labelledby="govuk-notification-banner-title" data-module="govuk-notification-banner">
    <div class="govuk-notification-banner__header">
        <h3 class="govuk-notification-banner__title" id="govuk-notification-banner-title"> Success</h3>
    </div>
    <div class="govuk-notification-banner__content">
        <p class="govuk-notification-banner__heading">Environmental assessment documents uploaded</p>
    </div>
</div>"
`;
